MO display NULL display.v vlg1E/display.bin 1501236278
MO delayElem_beh NULL count01.v vlg48/delay_elem__beh.bin 1501236278
MO outputFn_beh NULL count01.v vlg5B/output_fn__beh.bin 1501236278
MO count01 NULL count01.v vlg46/count01.bin 1501236278
MO stateTransFn_beh NULL count01.v vlg77/state_trans_fn__beh.bin 1501236278
MO DFF NULL count01.v vlg48/_d_f_f.bin 1501236278
