MO delayElem_beh NULL test.v vlg48/delay_elem__beh.bin 1500635971
MO top NULL test.v vlg6F/top.bin 1500635971
MO outputFn_beh NULL test.v vlg5B/output_fn__beh.bin 1500635971
MO count01 NULL test.v vlg46/count01.bin 1500635971
MO count01test NULL test.v vlg1A/count01test.bin 1500635971
MO stateTransFn_beh NULL test.v vlg77/state_trans_fn__beh.bin 1500635971
