Release 14.7 - xst P.20131013 (nt64)
Copyright (c) 1995-2013 Xilinx, Inc.  All rights reserved.
--> Parameter TMPDIR set to xst/projnav.tmp


Total REAL time to Xst completion: 0.00 secs
Total CPU time to Xst completion: 0.06 secs
 
--> Parameter xsthdpdir set to xst


Total REAL time to Xst completion: 0.00 secs
Total CPU time to Xst completion: 0.06 secs
 
--> Reading design: datapath.prj

TABLE OF CONTENTS
  1) Synthesis Options Summary
  2) HDL Compilation
  3) Design Hierarchy Analysis
  4) HDL Analysis
  5) HDL Synthesis
     5.1) HDL Synthesis Report
  6) Advanced HDL Synthesis
     6.1) Advanced HDL Synthesis Report
  7) Low Level Synthesis
  8) Partition Report
  9) Final Report
	9.1) Device utilization summary
	9.2) Partition Resource Summary
	9.3) TIMING REPORT


=========================================================================
*                      Synthesis Options Summary                        *
=========================================================================
---- Source Parameters
Input File Name                    : "datapath.prj"
Input Format                       : mixed
Ignore Synthesis Constraint File   : NO

---- Target Parameters
Output File Name                   : "datapath"
Output Format                      : NGC
Target Device                      : xc3s400-4-pq208

---- Source Options
Top Module Name                    : datapath
Automatic FSM Extraction           : YES
FSM Encoding Algorithm             : Auto
Safe Implementation                : No
FSM Style                          : LUT
RAM Extraction                     : Yes
RAM Style                          : Auto
ROM Extraction                     : Yes
Mux Style                          : Auto
Decoder Extraction                 : YES
Priority Encoder Extraction        : Yes
Shift Register Extraction          : YES
Logical Shifter Extraction         : YES
XOR Collapsing                     : YES
ROM Style                          : Auto
Mux Extraction                     : Yes
Resource Sharing                   : YES
Asynchronous To Synchronous        : NO
Multiplier Style                   : Auto
Automatic Register Balancing       : No

---- Target Options
Add IO Buffers                     : YES
Global Maximum Fanout              : 100000
Add Generic Clock Buffer(BUFG)     : 8
Register Duplication               : YES
Slice Packing                      : YES
Optimize Instantiated Primitives   : NO
Use Clock Enable                   : Yes
Use Synchronous Set                : Yes
Use Synchronous Reset              : Yes
Pack IO Registers into IOBs        : Auto
Equivalent register Removal        : YES

---- General Options
Optimization Goal                  : Speed
Optimization Effort                : 1
Keep Hierarchy                     : No
Netlist Hierarchy                  : As_Optimized
RTL Output                         : Yes
Global Optimization                : AllClockNets
Read Cores                         : YES
Write Timing Constraints           : NO
Cross Clock Analysis               : NO
Hierarchy Separator                : /
Bus Delimiter                      : <>
Case Specifier                     : Maintain
Slice Utilization Ratio            : 100
BRAM Utilization Ratio             : 100
Verilog 2001                       : YES
Auto BRAM Packing                  : NO
Slice Utilization Ratio Delta      : 5

=========================================================================


=========================================================================
*                          HDL Compilation                              *
=========================================================================
Compiling verilog file "datareg.v" in library work
Compiling verilog file "alu.v" in library work
Module <datareg> compiled
Module <alu> compiled
Module <inc> compiled
Module <sub> compiled
Module <equal> compiled
Module <twomux> compiled
Compiling verilog file "datapath.v" in library work
Module <fourmux> compiled
Module <datapath> compiled
No errors in compilation
Analysis of file <"datapath.prj"> succeeded.
 

=========================================================================
*                     Design Hierarchy Analysis                         *
=========================================================================
Analyzing hierarchy for module <datapath> in library <work>.

Analyzing hierarchy for module <alu> in library <work>.

Analyzing hierarchy for module <datareg> in library <work>.

Analyzing hierarchy for module <inc> in library <work>.

Analyzing hierarchy for module <sub> in library <work>.

Analyzing hierarchy for module <equal> in library <work>.

Analyzing hierarchy for module <fourmux> in library <work>.

Analyzing hierarchy for module <twomux> in library <work>.


=========================================================================
*                            HDL Analysis                               *
=========================================================================
Analyzing top module <datapath>.
Module <datapath> is correct for synthesis.
 
Analyzing module <alu> in library <work>.
Module <alu> is correct for synthesis.
 
Analyzing module <inc> in library <work>.
Module <inc> is correct for synthesis.
 
Analyzing module <sub> in library <work>.
Module <sub> is correct for synthesis.
 
Analyzing module <equal> in library <work>.
Module <equal> is correct for synthesis.
 
Analyzing module <fourmux> in library <work>.
Module <fourmux> is correct for synthesis.
 
Analyzing module <twomux> in library <work>.
Module <twomux> is correct for synthesis.
 
Analyzing module <datareg> in library <work>.
Module <datareg> is correct for synthesis.
 

=========================================================================
*                           HDL Synthesis                               *
=========================================================================

Performing bidirectional port resolution...

Synthesizing Unit <datareg>.
    Related source file is "datareg.v".
    Found 16-bit register for signal <div>.
    Found 16-bit register for signal <n>.
    Found 16-bit register for signal <rem>.
    Found 1-bit register for signal <res>.
    Summary:
	inferred  49 D-type flip-flop(s).
Unit <datareg> synthesized.


Synthesizing Unit <inc>.
    Related source file is "alu.v".
    Found 16-bit adder for signal <z>.
    Summary:
	inferred   1 Adder/Subtractor(s).
Unit <inc> synthesized.


Synthesizing Unit <sub>.
    Related source file is "alu.v".
    Found 16-bit subtractor for signal <z>.
    Summary:
	inferred   1 Adder/Subtractor(s).
Unit <sub> synthesized.


Synthesizing Unit <equal>.
    Related source file is "alu.v".
    Found 1-bit xor2 for signal <e$xor0000> created at line 60.
    Found 1-bit xor2 for signal <e$xor0001> created at line 60.
    Found 1-bit xor2 for signal <e$xor0002> created at line 60.
    Found 1-bit xor2 for signal <e$xor0003> created at line 60.
    Found 1-bit xor2 for signal <e$xor0004> created at line 60.
    Found 1-bit xor2 for signal <e$xor0005> created at line 60.
    Found 1-bit xor2 for signal <e$xor0006> created at line 60.
    Found 1-bit xor2 for signal <e$xor0007> created at line 60.
    Found 1-bit xor2 for signal <e$xor0008> created at line 60.
    Found 1-bit xor2 for signal <e$xor0009> created at line 60.
    Found 1-bit xor2 for signal <e$xor0010> created at line 60.
    Found 1-bit xor2 for signal <e$xor0011> created at line 60.
    Found 1-bit xor2 for signal <e$xor0012> created at line 60.
    Found 1-bit xor2 for signal <e$xor0013> created at line 60.
    Found 1-bit xor2 for signal <e$xor0014> created at line 60.
    Found 1-bit xor2 for signal <e$xor0015> created at line 60.
Unit <equal> synthesized.


Synthesizing Unit <twomux>.
    Related source file is "alu.v".
Unit <twomux> synthesized.


Synthesizing Unit <fourmux>.
    Related source file is "alu.v".
Unit <fourmux> synthesized.


Synthesizing Unit <alu>.
    Related source file is "alu.v".
Unit <alu> synthesized.


Synthesizing Unit <datapath>.
    Related source file is "datapath.v".
Unit <datapath> synthesized.


=========================================================================
HDL Synthesis Report

Macro Statistics
# Adders/Subtractors                                   : 2
 16-bit adder                                          : 1
 16-bit subtractor                                     : 1
# Registers                                            : 4
 1-bit register                                        : 1
 16-bit register                                       : 3
# Xors                                                 : 16
 1-bit xor2                                            : 16

=========================================================================

=========================================================================
*                       Advanced HDL Synthesis                          *
=========================================================================


=========================================================================
Advanced HDL Synthesis Report

Macro Statistics
# Adders/Subtractors                                   : 2
 16-bit adder                                          : 1
 16-bit subtractor                                     : 1
# Registers                                            : 49
 Flip-Flops                                            : 49
# Xors                                                 : 16
 1-bit xor2                                            : 16

=========================================================================

=========================================================================
*                         Low Level Synthesis                           *
=========================================================================

Optimizing unit <datapath> ...

Optimizing unit <datareg> ...

Mapping all equations...
Building and optimizing final netlist ...
Found area constraint ratio of 100 (+ 5) on block datapath, actual ratio is 1.

Final Macro Processing ...

=========================================================================
Final Register Report

Macro Statistics
# Registers                                            : 49
 Flip-Flops                                            : 49

=========================================================================

=========================================================================
*                           Partition Report                            *
=========================================================================

Partition Implementation Status
-------------------------------

  No Partitions were found in this design.

-------------------------------

=========================================================================
*                            Final Report                               *
=========================================================================
Final Results
RTL Top Level Output File Name     : datapath.ngr
Top Level Output File Name         : datapath
Output Format                      : NGC
Optimization Goal                  : Speed
Keep Hierarchy                     : No

Design Statistics
# IOs                              : 31

Cell Usage :
# BELS                             : 165
#      GND                         : 1
#      INV                         : 1
#      LUT1                        : 15
#      LUT2                        : 16
#      LUT3                        : 15
#      LUT3_L                      : 16
#      LUT4                        : 38
#      MUXCY                       : 30
#      VCC                         : 1
#      XORCY                       : 32
# FlipFlops/Latches                : 49
#      FDE                         : 16
#      FDRE                        : 32
#      FDSE                        : 1
# Clock Buffers                    : 1
#      BUFGP                       : 1
# IO Buffers                       : 30
#      IBUF                        : 26
#      OBUF                        : 4
=========================================================================

Device utilization summary:
---------------------------

Selected Device : 3s400pq208-4 

 Number of Slices:                       53  out of   3584     1%  
 Number of Slice Flip Flops:             48  out of   7168     0%  
 Number of 4 input LUTs:                101  out of   7168     1%  
 Number of IOs:                          31
 Number of bonded IOBs:                  31  out of    141    21%  
    IOB Flip Flops:                       1
 Number of GCLKs:                         1  out of      8    12%  

---------------------------
Partition Resource Summary:
---------------------------

  No Partitions were found in this design.

---------------------------


=========================================================================
TIMING REPORT

NOTE: THESE TIMING NUMBERS ARE ONLY A SYNTHESIS ESTIMATE.
      FOR ACCURATE TIMING INFORMATION PLEASE REFER TO THE TRACE REPORT
      GENERATED AFTER PLACE-and-ROUTE.

Clock Information:
------------------
-----------------------------------+------------------------+-------+
Clock Signal                       | Clock buffer(FF name)  | Load  |
-----------------------------------+------------------------+-------+
clk                                | BUFGP                  | 49    |
-----------------------------------+------------------------+-------+

Asynchronous Control Signals Information:
----------------------------------------
No asynchronous control signals found in this design

Timing Summary:
---------------
Speed Grade: -4

   Minimum period: 7.792ns (Maximum Frequency: 128.337MHz)
   Minimum input arrival time before clock: 8.600ns
   Maximum output required time after clock: 13.620ns
   Maximum combinational path delay: 14.428ns

Timing Detail:
--------------
All values displayed in nanoseconds (ns)

=========================================================================
Timing constraint: Default period analysis for Clock 'clk'
  Clock period: 7.792ns (frequency: 128.337MHz)
  Total number of paths / destination ports: 1632 / 32
-------------------------------------------------------------------------
Delay:               7.792ns (Levels of Logic = 19)
  Source:            datareg0/n_0 (FF)
  Destination:       datareg0/div_15 (FF)
  Source Clock:      clk rising
  Destination Clock: clk rising

  Data Path: datareg0/n_0 to datareg0/div_15
                                Gate     Net
    Cell:in->out      fanout   Delay   Delay  Logical Name (Net Name)
    ----------------------------------------  ------------
     FDE:C->Q              1   0.720   0.869  datareg0/n_0 (datareg0/n_0)
     LUT4:I2->O            3   0.551   1.102  x<0>1 (x<0>)
     LUT2:I1->O            1   0.551   0.000  alu0/sub0/Msub_z_lut<0> (alu0/sub0/Msub_z_lut<0>)
     MUXCY:S->O            1   0.500   0.000  alu0/sub0/Msub_z_cy<0> (alu0/sub0/Msub_z_cy<0>)
     MUXCY:CI->O           1   0.064   0.000  alu0/sub0/Msub_z_cy<1> (alu0/sub0/Msub_z_cy<1>)
     MUXCY:CI->O           1   0.064   0.000  alu0/sub0/Msub_z_cy<2> (alu0/sub0/Msub_z_cy<2>)
     MUXCY:CI->O           1   0.064   0.000  alu0/sub0/Msub_z_cy<3> (alu0/sub0/Msub_z_cy<3>)
     MUXCY:CI->O           1   0.064   0.000  alu0/sub0/Msub_z_cy<4> (alu0/sub0/Msub_z_cy<4>)
     MUXCY:CI->O           1   0.064   0.000  alu0/sub0/Msub_z_cy<5> (alu0/sub0/Msub_z_cy<5>)
     MUXCY:CI->O           1   0.064   0.000  alu0/sub0/Msub_z_cy<6> (alu0/sub0/Msub_z_cy<6>)
     MUXCY:CI->O           1   0.064   0.000  alu0/sub0/Msub_z_cy<7> (alu0/sub0/Msub_z_cy<7>)
     MUXCY:CI->O           1   0.064   0.000  alu0/sub0/Msub_z_cy<8> (alu0/sub0/Msub_z_cy<8>)
     MUXCY:CI->O           1   0.064   0.000  alu0/sub0/Msub_z_cy<9> (alu0/sub0/Msub_z_cy<9>)
     MUXCY:CI->O           1   0.064   0.000  alu0/sub0/Msub_z_cy<10> (alu0/sub0/Msub_z_cy<10>)
     MUXCY:CI->O           1   0.064   0.000  alu0/sub0/Msub_z_cy<11> (alu0/sub0/Msub_z_cy<11>)
     MUXCY:CI->O           1   0.064   0.000  alu0/sub0/Msub_z_cy<12> (alu0/sub0/Msub_z_cy<12>)
     MUXCY:CI->O           1   0.064   0.000  alu0/sub0/Msub_z_cy<13> (alu0/sub0/Msub_z_cy<13>)
     MUXCY:CI->O           0   0.064   0.000  alu0/sub0/Msub_z_cy<14> (alu0/sub0/Msub_z_cy<14>)
     XORCY:CI->O           2   0.904   0.945  alu0/sub0/Msub_z_xor<15> (s_0_OBUF)
     LUT4:I2->O            2   0.551   0.000  alu0/fourmuxz/y<15> (z<15>)
     FDRE:D                    0.203          datareg0/rem_15
    ----------------------------------------
    Total                      7.792ns (4.876ns logic, 2.916ns route)
                                       (62.6% logic, 37.4% route)

=========================================================================
Timing constraint: Default OFFSET IN BEFORE for Clock 'clk'
  Total number of paths / destination ports: 1282 / 130
-------------------------------------------------------------------------
Offset:              8.600ns (Levels of Logic = 20)
  Source:            rembuf (PAD)
  Destination:       datareg0/div_15 (FF)
  Destination Clock: clk rising

  Data Path: rembuf to datareg0/div_15
                                Gate     Net
    Cell:in->out      fanout   Delay   Delay  Logical Name (Net Name)
    ----------------------------------------  ------------
     IBUF:I->O            16   0.821   1.576  rembuf_IBUF (rembuf_IBUF)
     LUT4:I0->O            3   0.551   1.102  x<0>1 (x<0>)
     LUT2:I1->O            1   0.551   0.000  alu0/sub0/Msub_z_lut<0> (alu0/sub0/Msub_z_lut<0>)
     MUXCY:S->O            1   0.500   0.000  alu0/sub0/Msub_z_cy<0> (alu0/sub0/Msub_z_cy<0>)
     MUXCY:CI->O           1   0.064   0.000  alu0/sub0/Msub_z_cy<1> (alu0/sub0/Msub_z_cy<1>)
     MUXCY:CI->O           1   0.064   0.000  alu0/sub0/Msub_z_cy<2> (alu0/sub0/Msub_z_cy<2>)
     MUXCY:CI->O           1   0.064   0.000  alu0/sub0/Msub_z_cy<3> (alu0/sub0/Msub_z_cy<3>)
     MUXCY:CI->O           1   0.064   0.000  alu0/sub0/Msub_z_cy<4> (alu0/sub0/Msub_z_cy<4>)
     MUXCY:CI->O           1   0.064   0.000  alu0/sub0/Msub_z_cy<5> (alu0/sub0/Msub_z_cy<5>)
     MUXCY:CI->O           1   0.064   0.000  alu0/sub0/Msub_z_cy<6> (alu0/sub0/Msub_z_cy<6>)
     MUXCY:CI->O           1   0.064   0.000  alu0/sub0/Msub_z_cy<7> (alu0/sub0/Msub_z_cy<7>)
     MUXCY:CI->O           1   0.064   0.000  alu0/sub0/Msub_z_cy<8> (alu0/sub0/Msub_z_cy<8>)
     MUXCY:CI->O           1   0.064   0.000  alu0/sub0/Msub_z_cy<9> (alu0/sub0/Msub_z_cy<9>)
     MUXCY:CI->O           1   0.064   0.000  alu0/sub0/Msub_z_cy<10> (alu0/sub0/Msub_z_cy<10>)
     MUXCY:CI->O           1   0.064   0.000  alu0/sub0/Msub_z_cy<11> (alu0/sub0/Msub_z_cy<11>)
     MUXCY:CI->O           1   0.064   0.000  alu0/sub0/Msub_z_cy<12> (alu0/sub0/Msub_z_cy<12>)
     MUXCY:CI->O           1   0.064   0.000  alu0/sub0/Msub_z_cy<13> (alu0/sub0/Msub_z_cy<13>)
     MUXCY:CI->O           0   0.064   0.000  alu0/sub0/Msub_z_cy<14> (alu0/sub0/Msub_z_cy<14>)
     XORCY:CI->O           2   0.904   0.945  alu0/sub0/Msub_z_xor<15> (s_0_OBUF)
     LUT4:I2->O            2   0.551   0.000  alu0/fourmuxz/y<15> (z<15>)
     FDRE:D                    0.203          datareg0/rem_15
    ----------------------------------------
    Total                      8.600ns (4.977ns logic, 3.623ns route)
                                       (57.9% logic, 42.1% route)

=========================================================================
Timing constraint: Default OFFSET OUT AFTER for Clock 'clk'
  Total number of paths / destination ports: 127 / 3
-------------------------------------------------------------------------
Offset:              13.620ns (Levels of Logic = 5)
  Source:            datareg0/n_0 (FF)
  Destination:       s<1> (PAD)
  Source Clock:      clk rising

  Data Path: datareg0/n_0 to s<1>
                                Gate     Net
    Cell:in->out      fanout   Delay   Delay  Logical Name (Net Name)
    ----------------------------------------  ------------
     FDE:C->Q              1   0.720   0.869  datareg0/n_0 (datareg0/n_0)
     LUT4:I2->O            3   0.551   1.246  x<0>1 (x<0>)
     LUT3:I0->O            1   0.551   0.996  alu0/equal0/e27 (alu0/equal0/e27)
     LUT4:I1->O            1   0.551   1.140  alu0/equal0/e95 (alu0/equal0/e95)
     LUT4:I0->O            1   0.551   0.801  alu0/equal0/e487 (s_1_OBUF)
     OBUF:I->O                 5.644          s_1_OBUF (s<1>)
    ----------------------------------------
    Total                     13.620ns (8.568ns logic, 5.052ns route)
                                       (62.9% logic, 37.1% route)

=========================================================================
Timing constraint: Default path analysis
  Total number of paths / destination ports: 111 / 2
-------------------------------------------------------------------------
Delay:               14.428ns (Levels of Logic = 6)
  Source:            rembuf (PAD)
  Destination:       s<1> (PAD)

  Data Path: rembuf to s<1>
                                Gate     Net
    Cell:in->out      fanout   Delay   Delay  Logical Name (Net Name)
    ----------------------------------------  ------------
     IBUF:I->O            16   0.821   1.576  rembuf_IBUF (rembuf_IBUF)
     LUT4:I0->O            3   0.551   1.246  x<0>1 (x<0>)
     LUT3:I0->O            1   0.551   0.996  alu0/equal0/e27 (alu0/equal0/e27)
     LUT4:I1->O            1   0.551   1.140  alu0/equal0/e95 (alu0/equal0/e95)
     LUT4:I0->O            1   0.551   0.801  alu0/equal0/e487 (s_1_OBUF)
     OBUF:I->O                 5.644          s_1_OBUF (s<1>)
    ----------------------------------------
    Total                     14.428ns (8.669ns logic, 5.759ns route)
                                       (60.1% logic, 39.9% route)

=========================================================================


Total REAL time to Xst completion: 4.00 secs
Total CPU time to Xst completion: 4.01 secs
 
--> 

Total memory usage is 261240 kilobytes

Number of errors   :    0 (   0 filtered)
Number of warnings :    4 (   0 filtered)
Number of infos    :    0 (   0 filtered)

