MO shft NULL datareg.v vlg41/shft.bin 1501755670
MO cmp NULL datareg.v vlg3C/cmp.bin 1501755670
MO twomux NULL datareg.v vlg24/twomux.bin 1501755670
MO sub NULL datareg.v vlg66/sub.bin 1501755670
MO fourmux NULL datareg.v vlg46/fourmux.bin 1501755670
MO datareg NULL datareg.v vlg2C/datareg.bin 1501755670
MO inc NULL datareg.v vlg4A/inc.bin 1501755670
